// Jest Snapshot v1, https://goo.gl/fbAQLP

exports[`queryFromTree 1`] = `
[
  {
    "contextname": "CollectionObject",
    "contexttableid": 1,
    "countonly": false,
    "fields": [
      {
        "fieldname": "catalogNumber",
        "isdisplay": true,
        "isnot": false,
        "isrelfld": false,
        "operstart": 8,
        "sorttype": 0,
        "startvalue": "",
        "stringid": "1.collectionobject.catalogNumber",
        "tablelist": "1",
      },
      {
        "fieldname": "fullName",
        "isdisplay": true,
        "isnot": false,
        "isrelfld": false,
        "operstart": 8,
        "sorttype": 1,
        "startvalue": "",
        "stringid": "1,9-determinations,4.taxon.fullName",
        "tablelist": "1,9-determinations,4",
      },
      {
        "fieldname": "isCurrent",
        "isdisplay": false,
        "isnot": false,
        "isrelfld": false,
        "operstart": 13,
        "sorttype": 0,
        "startvalue": "",
        "stringid": "1,9-determinations.determination.isCurrent",
        "tablelist": "1,9-determinations",
      },
      {
        "fieldname": "localityName",
        "isdisplay": true,
        "isnot": false,
        "isrelfld": false,
        "operstart": 8,
        "sorttype": 0,
        "startvalue": "",
        "stringid": "1,10,2.locality.localityName",
        "tablelist": "1,10,2",
      },
      {
        "fieldname": "fullName",
        "isdisplay": true,
        "isnot": false,
        "isrelfld": false,
        "operstart": 8,
        "sorttype": 1,
        "startvalue": "",
        "stringid": "1,10,2,3.geography.fullName",
        "tablelist": "1,10,2,3",
      },
      {
        "fieldname": "County ID",
        "isdisplay": false,
        "isnot": false,
        "isrelfld": false,
        "operstart": 1,
        "sorttype": 0,
        "startvalue": "0",
        "stringid": "1,10,2,3.geography.County ID",
        "tablelist": "1,10,2,3",
      },
    ],
    "formatauditrecids": false,
    "isfavorite": true,
    "name": "Collection Object using \\"Los Angeles County\\"",
    "ordinal": 32767,
    "selectdistinct": false,
    "specifyuser": "/api/specify/specifyuser/2/",
  },
  {
    "contextname": "CollectionObject",
    "contexttableid": 1,
    "countonly": false,
    "fields": [
      {
        "fieldname": "catalogNumber",
        "isdisplay": true,
        "isnot": false,
        "isrelfld": false,
        "operstart": 8,
        "sorttype": 1,
        "startvalue": "",
        "stringid": "1.collectionobject.catalogNumber",
        "tablelist": "1",
      },
      {
        "fieldname": "fullName",
        "isdisplay": true,
        "isnot": false,
        "isrelfld": false,
        "operstart": 8,
        "sorttype": 0,
        "startvalue": "",
        "stringid": "1,9-determinations,4.taxon.fullName",
        "tablelist": "1,9-determinations,4",
      },
      {
        "fieldname": "isCurrent",
        "isdisplay": false,
        "isnot": false,
        "isrelfld": false,
        "operstart": 13,
        "sorttype": 0,
        "startvalue": "",
        "stringid": "1,9-determinations.determination.isCurrent",
        "tablelist": "1,9-determinations",
      },
      {
        "fieldname": "fullName",
        "isdisplay": true,
        "isnot": false,
        "isrelfld": false,
        "operstart": 8,
        "sorttype": 0,
        "startvalue": "",
        "stringid": "1,63-preparations,58.storage.fullName",
        "tablelist": "1,63-preparations,58",
      },
      {
        "fieldname": "Cabinet ID",
        "isdisplay": false,
        "isnot": false,
        "isrelfld": false,
        "operstart": 1,
        "sorttype": 0,
        "startvalue": "4",
        "stringid": "1,63-preparations,58.storage.Cabinet ID",
        "tablelist": "1,63-preparations,58",
      },
    ],
    "formatauditrecids": false,
    "isfavorite": true,
    "name": "Collection Object using \\"Cabinet 1\\"",
    "ordinal": 32767,
    "selectdistinct": false,
    "specifyuser": "/api/specify/specifyuser/2/",
  },
  {
    "contextname": "CollectionObject",
    "contexttableid": 1,
    "countonly": false,
    "fields": [
      {
        "fieldname": "catalogNumber",
        "isdisplay": true,
        "isnot": false,
        "isrelfld": false,
        "operstart": 8,
        "sorttype": 1,
        "startvalue": "",
        "stringid": "1.collectionobject.catalogNumber",
        "tablelist": "1",
      },
      {
        "fieldname": "fullName",
        "isdisplay": true,
        "isnot": false,
        "isrelfld": false,
        "operstart": 8,
        "sorttype": 0,
        "startvalue": "",
        "stringid": "1,9-determinations,4.taxon.fullName",
        "tablelist": "1,9-determinations,4",
      },
      {
        "fieldname": "Species ID",
        "isdisplay": false,
        "isnot": false,
        "isrelfld": false,
        "operstart": 1,
        "sorttype": 0,
        "startvalue": "8",
        "stringid": "1,9-determinations,4.taxon.Species ID",
        "tablelist": "1,9-determinations,4",
      },
      {
        "fieldname": "isCurrent",
        "isdisplay": false,
        "isnot": false,
        "isrelfld": false,
        "operstart": 13,
        "sorttype": 0,
        "startvalue": "",
        "stringid": "1,9-determinations.determination.isCurrent",
        "tablelist": "1,9-determinations",
      },
      {
        "fieldname": "localityName",
        "isdisplay": true,
        "isnot": false,
        "isrelfld": false,
        "operstart": 8,
        "sorttype": 0,
        "startvalue": "",
        "stringid": "1,10,2.locality.localityName",
        "tablelist": "1,10,2",
      },
    ],
    "formatauditrecids": false,
    "isfavorite": true,
    "name": "Collection Object using \\"Carpiodes velifer\\"",
    "ordinal": 32767,
    "selectdistinct": false,
    "specifyuser": "/api/specify/specifyuser/2/",
  },
  {
    "contextname": "CollectionObject",
    "contexttableid": 1,
    "countonly": false,
    "fields": [
      {
        "fieldname": "catalogNumber",
        "isdisplay": true,
        "isnot": false,
        "isrelfld": false,
        "operstart": 8,
        "sorttype": 0,
        "startvalue": "",
        "stringid": "1.collectionobject.catalogNumber",
        "tablelist": "1",
      },
      {
        "fieldname": "fullName",
        "isdisplay": true,
        "isnot": false,
        "isrelfld": false,
        "operstart": 8,
        "sorttype": 1,
        "startvalue": "",
        "stringid": "1,9-determinations,4.taxon.fullName",
        "tablelist": "1,9-determinations,4",
      },
      {
        "fieldname": "isCurrent",
        "isdisplay": false,
        "isnot": false,
        "isrelfld": false,
        "operstart": 13,
        "sorttype": 0,
        "startvalue": "",
        "stringid": "1,9-determinations.determination.isCurrent",
        "tablelist": "1,9-determinations",
      },
      {
        "fieldname": "fullName",
        "isdisplay": true,
        "isnot": false,
        "isrelfld": false,
        "operstart": 8,
        "sorttype": 0,
        "startvalue": "",
        "stringid": "1,32,46-chronosStrat.geologictimeperiod.fullName",
        "tablelist": "1,32,46-chronosStrat",
      },
      {
        "fieldname": "Epoch ID",
        "isdisplay": false,
        "isnot": false,
        "isrelfld": false,
        "operstart": 1,
        "sorttype": 0,
        "startvalue": "12",
        "stringid": "1,32,46-chronosStrat.geologictimeperiod.Epoch ID",
        "tablelist": "1,32,46-chronosStrat",
      },
    ],
    "formatauditrecids": false,
    "isfavorite": true,
    "name": "Collection Object using \\"Paleocene\\"",
    "ordinal": 32767,
    "selectdistinct": false,
    "specifyuser": "/api/specify/specifyuser/2/",
  },
  {
    "contextname": "CollectionObject",
    "contexttableid": 1,
    "countonly": false,
    "fields": [
      {
        "fieldname": "catalogNumber",
        "isdisplay": true,
        "isnot": false,
        "isrelfld": false,
        "operstart": 8,
        "sorttype": 0,
        "startvalue": "",
        "stringid": "1.collectionobject.catalogNumber",
        "tablelist": "1",
      },
      {
        "fieldname": "fullName",
        "isdisplay": true,
        "isnot": false,
        "isrelfld": false,
        "operstart": 8,
        "sorttype": 1,
        "startvalue": "",
        "stringid": "1,9-determinations,4.taxon.fullName",
        "tablelist": "1,9-determinations,4",
      },
      {
        "fieldname": "isCurrent",
        "isdisplay": false,
        "isnot": false,
        "isrelfld": false,
        "operstart": 13,
        "sorttype": 0,
        "startvalue": "",
        "stringid": "1,9-determinations.determination.isCurrent",
        "tablelist": "1,9-determinations",
      },
      {
        "fieldname": "fullName",
        "isdisplay": true,
        "isnot": false,
        "isrelfld": false,
        "operstart": 8,
        "sorttype": 0,
        "startvalue": "",
        "stringid": "1,32,100.lithostrat.fullName",
        "tablelist": "1,32,100",
      },
      {
        "fieldname": "Formation ID",
        "isdisplay": false,
        "isnot": false,
        "isrelfld": false,
        "operstart": 1,
        "sorttype": 0,
        "startvalue": "16",
        "stringid": "1,32,100.lithostrat.Formation ID",
        "tablelist": "1,32,100",
      },
    ],
    "formatauditrecids": false,
    "isfavorite": true,
    "name": "Collection Object using \\"Cretaceous\\"",
    "ordinal": 32767,
    "selectdistinct": false,
    "specifyuser": "/api/specify/specifyuser/2/",
  },
]
`;
