// Jest Snapshot v1, https://goo.gl/fbAQLP

exports[`formatters are fetched and parsed correctly 1`] = `
{
  "AccessionNumber": UiFormatter {
    "fields": [
      YearField {
        "autoIncrement": false,
        "byYear": true,
        "pattern": "",
        "size": 4,
        "value": "YEAR",
      },
      SeparatorField {
        "autoIncrement": false,
        "byYear": false,
        "pattern": "",
        "size": 1,
        "value": "-",
      },
      AlphaNumberField {
        "autoIncrement": false,
        "byYear": false,
        "pattern": "",
        "size": 2,
        "value": "AA",
      },
      SeparatorField {
        "autoIncrement": false,
        "byYear": false,
        "pattern": "",
        "size": 1,
        "value": "-",
      },
      NumericField {
        "autoIncrement": true,
        "byYear": false,
        "pattern": "",
        "size": 3,
        "value": "###",
      },
    ],
    "isSystem": true,
  },
  "AccessionNumberByYear": UiFormatter {
    "fields": [
      YearField {
        "autoIncrement": false,
        "byYear": true,
        "pattern": "",
        "size": 4,
        "value": "YEAR",
      },
      SeparatorField {
        "autoIncrement": false,
        "byYear": false,
        "pattern": "",
        "size": 1,
        "value": "-",
      },
      AlphaNumberField {
        "autoIncrement": false,
        "byYear": false,
        "pattern": "",
        "size": 2,
        "value": "AA",
      },
      SeparatorField {
        "autoIncrement": false,
        "byYear": false,
        "pattern": "",
        "size": 1,
        "value": "-",
      },
      AlphaNumberField {
        "autoIncrement": false,
        "byYear": false,
        "pattern": "",
        "size": 3,
        "value": "AAA",
      },
    ],
    "isSystem": true,
  },
  "AccessionStringFormatter": UiFormatter {
    "fields": [
      AlphaNumberField {
        "autoIncrement": false,
        "byYear": false,
        "pattern": "",
        "size": 10,
        "value": "AAAAAAAAAA",
      },
    ],
    "isSystem": true,
  },
  "CatalogNumber": UiFormatter {
    "fields": [
      YearField {
        "autoIncrement": false,
        "byYear": false,
        "pattern": "",
        "size": 4,
        "value": "YEAR",
      },
      SeparatorField {
        "autoIncrement": false,
        "byYear": false,
        "pattern": "",
        "size": 1,
        "value": "-",
      },
      NumericField {
        "autoIncrement": true,
        "byYear": false,
        "pattern": "",
        "size": 6,
        "value": "######",
      },
    ],
    "isSystem": false,
  },
  "CatalogNumberAlphaNumByYear": UiFormatter {
    "fields": [
      YearField {
        "autoIncrement": false,
        "byYear": true,
        "pattern": "",
        "size": 4,
        "value": "YEAR",
      },
      SeparatorField {
        "autoIncrement": false,
        "byYear": false,
        "pattern": "",
        "size": 1,
        "value": "-",
      },
      NumericField {
        "autoIncrement": true,
        "byYear": false,
        "pattern": "",
        "size": 6,
        "value": "######",
      },
    ],
    "isSystem": false,
  },
  "CatalogNumberNumeric": CatalogNumberNumeric {
    "fields": [
      CatalogNumberNumericField {
        "autoIncrement": true,
        "byYear": false,
        "pattern": undefined,
        "size": 9,
        "value": "#########",
      },
    ],
    "isSystem": true,
  },
  "CatalogNumberNumericRegex": UiFormatter {
    "fields": [
      RegexField {
        "autoIncrement": false,
        "byYear": false,
        "pattern": "####[-A]",
        "size": 1,
        "value": "[0-9]{4}(-[A-Z])?",
      },
    ],
    "isSystem": false,
  },
  "Date": UiFormatter {
    "fields": [],
    "isSystem": true,
  },
  "DeaccessionNumber": UiFormatter {
    "fields": [
      YearField {
        "autoIncrement": false,
        "byYear": true,
        "pattern": "",
        "size": 4,
        "value": "YEAR",
      },
      SeparatorField {
        "autoIncrement": false,
        "byYear": false,
        "pattern": "",
        "size": 1,
        "value": "-",
      },
      AlphaNumberField {
        "autoIncrement": false,
        "byYear": false,
        "pattern": "",
        "size": 2,
        "value": "AA",
      },
      SeparatorField {
        "autoIncrement": false,
        "byYear": false,
        "pattern": "",
        "size": 1,
        "value": "-",
      },
      NumericField {
        "autoIncrement": false,
        "byYear": false,
        "pattern": "",
        "size": 3,
        "value": "###",
      },
    ],
    "isSystem": true,
  },
  "GiftNumber": UiFormatter {
    "fields": [
      YearField {
        "autoIncrement": false,
        "byYear": true,
        "pattern": "",
        "size": 4,
        "value": "YEAR",
      },
      SeparatorField {
        "autoIncrement": false,
        "byYear": false,
        "pattern": "",
        "size": 1,
        "value": "-",
      },
      NumericField {
        "autoIncrement": true,
        "byYear": false,
        "pattern": "",
        "size": 3,
        "value": "###",
      },
    ],
    "isSystem": true,
  },
  "InfoRequestNumber": UiFormatter {
    "fields": [
      YearField {
        "autoIncrement": false,
        "byYear": true,
        "pattern": "",
        "size": 4,
        "value": "YEAR",
      },
      SeparatorField {
        "autoIncrement": false,
        "byYear": false,
        "pattern": "",
        "size": 1,
        "value": "-",
      },
      NumericField {
        "autoIncrement": true,
        "byYear": false,
        "pattern": "",
        "size": 3,
        "value": "###",
      },
    ],
    "isSystem": true,
  },
  "KUITeach": CatalogNumberNumeric {
    "fields": [
      CatalogNumberNumericField {
        "autoIncrement": true,
        "byYear": false,
        "pattern": undefined,
        "size": 9,
        "value": "#########",
      },
    ],
    "isSystem": true,
  },
  "LoanNumber": UiFormatter {
    "fields": [
      YearField {
        "autoIncrement": false,
        "byYear": true,
        "pattern": "",
        "size": 4,
        "value": "YEAR",
      },
      SeparatorField {
        "autoIncrement": false,
        "byYear": false,
        "pattern": "",
        "size": 1,
        "value": "-",
      },
      NumericField {
        "autoIncrement": true,
        "byYear": false,
        "pattern": "",
        "size": 3,
        "value": "###",
      },
    ],
    "isSystem": true,
  },
  "NumericBigDecimal": UiFormatter {
    "fields": [
      NumericField {
        "autoIncrement": false,
        "byYear": false,
        "pattern": "",
        "size": 15,
        "value": "###############",
      },
    ],
    "isSystem": true,
  },
  "NumericByte": UiFormatter {
    "fields": [
      NumericField {
        "autoIncrement": false,
        "byYear": false,
        "pattern": "",
        "size": 3,
        "value": "###",
      },
    ],
    "isSystem": true,
  },
  "NumericDouble": UiFormatter {
    "fields": [
      NumericField {
        "autoIncrement": false,
        "byYear": false,
        "pattern": "",
        "size": 10,
        "value": "##########",
      },
    ],
    "isSystem": true,
  },
  "NumericFloat": UiFormatter {
    "fields": [
      NumericField {
        "autoIncrement": false,
        "byYear": false,
        "pattern": "",
        "size": 10,
        "value": "##########",
      },
    ],
    "isSystem": true,
  },
  "NumericInteger": UiFormatter {
    "fields": [
      NumericField {
        "autoIncrement": false,
        "byYear": false,
        "pattern": "",
        "size": 10,
        "value": "##########",
      },
    ],
    "isSystem": true,
  },
  "NumericLong": UiFormatter {
    "fields": [
      NumericField {
        "autoIncrement": false,
        "byYear": false,
        "pattern": "",
        "size": 10,
        "value": "##########",
      },
    ],
    "isSystem": true,
  },
  "NumericShort": UiFormatter {
    "fields": [
      NumericField {
        "autoIncrement": false,
        "byYear": false,
        "pattern": "",
        "size": 5,
        "value": "#####",
      },
    ],
    "isSystem": true,
  },
  "PartialDate": UiFormatter {
    "fields": [],
    "isSystem": false,
  },
  "PartialDateMonth": UiFormatter {
    "fields": [],
    "isSystem": false,
  },
  "PartialDateYear": UiFormatter {
    "fields": [],
    "isSystem": false,
  },
  "SearchDate": UiFormatter {
    "fields": [],
    "isSystem": true,
  },
}
`;
